Archive member included to satisfy reference by file (symbol)

c:/program files (x86)/atollic/truestudio for stm32 9.3.0/armtools/bin/../lib/gcc/arm-atollic-eabi/6.3.1/../../../../arm-atollic-eabi/lib/armv7e-m/fpu\libc_nano.a(lib_a-errno.o)
                              Src\syscalls.o (__errno)
c:/program files (x86)/atollic/truestudio for stm32 9.3.0/armtools/bin/../lib/gcc/arm-atollic-eabi/6.3.1/../../../../arm-atollic-eabi/lib/armv7e-m/fpu\libc_nano.a(lib_a-impure.o)
                              c:/program files (x86)/atollic/truestudio for stm32 9.3.0/armtools/bin/../lib/gcc/arm-atollic-eabi/6.3.1/../../../../arm-atollic-eabi/lib/armv7e-m/fpu\libc_nano.a(lib_a-errno.o) (_impure_ptr)
c:/program files (x86)/atollic/truestudio for stm32 9.3.0/armtools/bin/../lib/gcc/arm-atollic-eabi/6.3.1/../../../../arm-atollic-eabi/lib/armv7e-m/fpu\libc_nano.a(lib_a-init.o)
                              startup\startup_stm32l476xx.o (__libc_init_array)
c:/program files (x86)/atollic/truestudio for stm32 9.3.0/armtools/bin/../lib/gcc/arm-atollic-eabi/6.3.1/../../../../arm-atollic-eabi/lib/armv7e-m/fpu\libc_nano.a(lib_a-memset.o)
                              Src\main.o (memset)
c:/program files (x86)/atollic/truestudio for stm32 9.3.0/armtools/bin/../lib/gcc/arm-atollic-eabi/6.3.1/armv7e-m/fpu\libgcc.a(_aeabi_uldivmod.o)
                              Drivers\STM32L4xx_HAL_Driver\Src\stm32l4xx_hal_uart.o (__aeabi_uldivmod)
c:/program files (x86)/atollic/truestudio for stm32 9.3.0/armtools/bin/../lib/gcc/arm-atollic-eabi/6.3.1/armv7e-m/fpu\libgcc.a(_udivmoddi4.o)
                              c:/program files (x86)/atollic/truestudio for stm32 9.3.0/armtools/bin/../lib/gcc/arm-atollic-eabi/6.3.1/armv7e-m/fpu\libgcc.a(_aeabi_uldivmod.o) (__udivmoddi4)
c:/program files (x86)/atollic/truestudio for stm32 9.3.0/armtools/bin/../lib/gcc/arm-atollic-eabi/6.3.1/armv7e-m/fpu\libgcc.a(_dvmd_tls.o)
                              c:/program files (x86)/atollic/truestudio for stm32 9.3.0/armtools/bin/../lib/gcc/arm-atollic-eabi/6.3.1/armv7e-m/fpu\libgcc.a(_aeabi_uldivmod.o) (__aeabi_ldiv0)

Allocating common symbols
Common symbol       size              file

hdma_usart2_rx      0x48              Src\usart.o
lsb                 0x4               Src\main.o
uwTick              0x4               Drivers\STM32L4xx_HAL_Driver\Src\stm32l4xx_hal.o
hdma_usart2_tx      0x48              Src\usart.o
msb                 0x4               Src\main.o
huart2              0x80              Src\usart.o

Discarded input sections

 .text          0x00000000        0x0 c:/program files (x86)/atollic/truestudio for stm32 9.3.0/armtools/bin/../lib/gcc/arm-atollic-eabi/6.3.1/armv7e-m/fpu/crti.o
 .data          0x00000000        0x0 c:/program files (x86)/atollic/truestudio for stm32 9.3.0/armtools/bin/../lib/gcc/arm-atollic-eabi/6.3.1/armv7e-m/fpu/crti.o
 .bss           0x00000000        0x0 c:/program files (x86)/atollic/truestudio for stm32 9.3.0/armtools/bin/../lib/gcc/arm-atollic-eabi/6.3.1/armv7e-m/fpu/crti.o
 .data          0x00000000        0x4 c:/program files (x86)/atollic/truestudio for stm32 9.3.0/armtools/bin/../lib/gcc/arm-atollic-eabi/6.3.1/armv7e-m/fpu/crtbegin.o
 .text          0x00000000        0x0 Drivers\STM32L4xx_HAL_Driver\Src\stm32l4xx_hal.o
 .data          0x00000000        0x0 Drivers\STM32L4xx_HAL_Driver\Src\stm32l4xx_hal.o
 .bss           0x00000000        0x0 Drivers\STM32L4xx_HAL_Driver\Src\stm32l4xx_hal.o
 .text.HAL_DeInit
                0x00000000       0x58 Drivers\STM32L4xx_HAL_Driver\Src\stm32l4xx_hal.o
 .text.HAL_MspInit
                0x00000000        0xe Drivers\STM32L4xx_HAL_Driver\Src\stm32l4xx_hal.o
 .text.HAL_MspDeInit
                0x00000000        0xe Drivers\STM32L4xx_HAL_Driver\Src\stm32l4xx_hal.o
 .text.HAL_GetTickPrio
                0x00000000       0x18 Drivers\STM32L4xx_HAL_Driver\Src\stm32l4xx_hal.o
 .text.HAL_SetTickFreq
                0x00000000       0x44 Drivers\STM32L4xx_HAL_Driver\Src\stm32l4xx_hal.o
 .text.HAL_GetTickFreq
                0x00000000       0x18 Drivers\STM32L4xx_HAL_Driver\Src\stm32l4xx_hal.o
 .text.HAL_Delay
                0x00000000       0x44 Drivers\STM32L4xx_HAL_Driver\Src\stm32l4xx_hal.o
 .text.HAL_SuspendTick
                0x00000000       0x20 Drivers\STM32L4xx_HAL_Driver\Src\stm32l4xx_hal.o
 .text.HAL_ResumeTick
                0x00000000       0x20 Drivers\STM32L4xx_HAL_Driver\Src\stm32l4xx_hal.o
 .text.HAL_GetHalVersion
                0x00000000       0x14 Drivers\STM32L4xx_HAL_Driver\Src\stm32l4xx_hal.o
 .text.HAL_GetREVID
                0x00000000       0x1c Drivers\STM32L4xx_HAL_Driver\Src\stm32l4xx_hal.o
 .text.HAL_GetDEVID
                0x00000000       0x1c Drivers\STM32L4xx_HAL_Driver\Src\stm32l4xx_hal.o
 .text.HAL_GetUIDw0
                0x00000000       0x18 Drivers\STM32L4xx_HAL_Driver\Src\stm32l4xx_hal.o
 .text.HAL_GetUIDw1
                0x00000000       0x18 Drivers\STM32L4xx_HAL_Driver\Src\stm32l4xx_hal.o
 .text.HAL_GetUIDw2
[...]
Memory Configuration

Name             Origin             Length             Attributes
RAM              0x20000000         0x00018000         xrw
RAM2             0x10000000         0x00008000         xrw
FLASH            0x08000000         0x00100000         xr
*default*        0x00000000         0xffffffff

Linker script and memory map

LOAD c:/program files (x86)/atollic/truestudio for stm32 9.3.0/armtools/bin/../lib/gcc/arm-atollic-eabi/6.3.1/armv7e-m/fpu/crti.o
LOAD c:/program files (x86)/atollic/truestudio for stm32 9.3.0/armtools/bin/../lib/gcc/arm-atollic-eabi/6.3.1/armv7e-m/fpu/crtbegin.o
LOAD Drivers\STM32L4xx_HAL_Driver\Src\stm32l4xx_hal.o
LOAD Drivers\STM32L4xx_HAL_Driver\Src\stm32l4xx_hal_cortex.o
LOAD Drivers\STM32L4xx_HAL_Driver\Src\stm32l4xx_hal_dma.o
LOAD Drivers\STM32L4xx_HAL_Driver\Src\stm32l4xx_hal_dma_ex.o
LOAD Drivers\STM32L4xx_HAL_Driver\Src\stm32l4xx_hal_exti.o
LOAD Drivers\STM32L4xx_HAL_Driver\Src\stm32l4xx_hal_flash.o
LOAD Drivers\STM32L4xx_HAL_Driver\Src\stm32l4xx_hal_flash_ex.o
LOAD Drivers\STM32L4xx_HAL_Driver\Src\stm32l4xx_hal_flash_ramfunc.o
LOAD Drivers\STM32L4xx_HAL_Driver\Src\stm32l4xx_hal_gpio.o
LOAD Drivers\STM32L4xx_HAL_Driver\Src\stm32l4xx_hal_i2c.o
LOAD Drivers\STM32L4xx_HAL_Driver\Src\stm32l4xx_hal_i2c_ex.o
LOAD Drivers\STM32L4xx_HAL_Driver\Src\stm32l4xx_hal_pwr.o
LOAD Drivers\STM32L4xx_HAL_Driver\Src\stm32l4xx_hal_pwr_ex.o
LOAD Drivers\STM32L4xx_HAL_Driver\Src\stm32l4xx_hal_rcc.o
LOAD Drivers\STM32L4xx_HAL_Driver\Src\stm32l4xx_hal_rcc_ex.o
LOAD Drivers\STM32L4xx_HAL_Driver\Src\stm32l4xx_hal_tim.o
LOAD Drivers\STM32L4xx_HAL_Driver\Src\stm32l4xx_hal_tim_ex.o
LOAD Drivers\STM32L4xx_HAL_Driver\Src\stm32l4xx_hal_uart.o
LOAD Drivers\STM32L4xx_HAL_Driver\Src\stm32l4xx_hal_uart_ex.o
LOAD Src\dma.o
LOAD Src\gpio.o
LOAD Src\main.o
LOAD Src\stm32l4xx_hal_msp.o
LOAD Src\stm32l4xx_it.o
LOAD Src\syscalls.o
LOAD Src\system_stm32l4xx.o
LOAD Src\usart.o
LOAD startup\startup_stm32l476xx.o
                0x00000080                malloc_getpagesize_P = 0x80
START GROUP
LOAD c:/program files (x86)/atollic/truestudio for stm32 9.3.0/armtools/bin/../lib/gcc/arm-atollic-eabi/6.3.1/../../../../arm-atollic-eabi/lib/armv7e-m/fpu\libc_nano.a
LOAD c:/program files (x86)/atollic/truestudio for stm32 9.3.0/armtools/bin/../lib/gcc/arm-atollic-eabi/6.3.1/../../../../arm-atollic-eabi/lib/armv7e-m/fpu\libm.a
END GROUP
START GROUP
LOAD c:/program files (x86)/atollic/truestudio for stm32 9.3.0/armtools/bin/../lib/gcc/arm-atollic-eabi/6.3.1/armv7e-m/fpu\libgcc.a
LOAD c:/program files (x86)/atollic/truestudio for stm32 9.3.0/armtools/bin/../lib/gcc/arm-atollic-eabi/6.3.1/../../../../arm-atollic-eabi/lib/armv7e-m/fpu\libc_nano.a
END GROUP
START GROUP
LOAD c:/program files (x86)/atollic/truestudio for stm32 9.3.0/armtools/bin/../lib/gcc/arm-atollic-eabi/6.3.1/armv7e-m/fpu\libgcc.a
LOAD c:/program files (x86)/atollic/truestudio for stm32 9.3.0/armtools/bin/../lib/gcc/arm-atollic-eabi/6.3.1/../../../../arm-atollic-eabi/lib/armv7e-m/fpu\libc_nano.a
LOAD c:/program files (x86)/atollic/truestudio for stm32 9.3.0/armtools/bin/../lib/gcc/arm-atollic-eabi/6.3.1/../../../../arm-atollic-eabi/lib/armv7e-m/fpu\libnosys.a
END GROUP
START GROUP
LOAD c:/program files (x86)/atollic/truestudio for stm32 9.3.0/armtools/bin/../lib/gcc/arm-atollic-eabi/6.3.1/armv7e-m/fpu\libgcc.a
LOAD c:/program files (x86)/atollic/truestudio for stm32 9.3.0/armtools/bin/../lib/gcc/arm-atollic-eabi/6.3.1/../../../../arm-atollic-eabi/lib/armv7e-m/fpu\libc_nano.a
LOAD c:/program files (x86)/atollic/truestudio for stm32 9.3.0/armtools/bin/../lib/gcc/arm-atollic-eabi/6.3.1/../../../../arm-atollic-eabi/lib/armv7e-m/fpu\libnosys.a
END GROUP
LOAD c:/program files (x86)/atollic/truestudio for stm32 9.3.0/armtools/bin/../lib/gcc/arm-atollic-eabi/6.3.1/armv7e-m/fpu/crtend.o
LOAD c:/program files (x86)/atollic/truestudio for stm32 9.3.0/armtools/bin/../lib/gcc/arm-atollic-eabi/6.3.1/armv7e-m/fpu/crtn.o
                0x20018000                _estack = 0x20018000
                0x00000200                _Min_Heap_Size = 0x200
                0x00000400                _Min_Stack_Size = 0x400

.isr_vector     0x08000000      0x188
                0x08000000                . = ALIGN (0x4)
 *(.isr_vector)
 .isr_vector    0x08000000      0x188 startup\startup_stm32l476xx.o
                0x08000000                g_pfnVectors
                0x08000188                . = ALIGN (0x4)

.text           0x08000188     0x373c
                0x08000188                . = ALIGN (0x4)
 *(.text)
 .text          0x08000188       0x40 c:/program files (x86)/atollic/truestudio for stm32 9.3.0/armtools/bin/../lib/gcc/arm-atollic-eabi/6.3.1/armv7e-m/fpu/crtbegin.o
 .text          0x080001c8       0x30 c:/program files (x86)/atollic/truestudio for stm32 9.3.0/armtools/bin/../lib/gcc/arm-atollic-eabi/6.3.1/armv7e-m/fpu\libgcc.a(_aeabi_uldivmod.o)
                0x080001c8                __aeabi_uldivmod
 .text          0x080001f8      0x2dc c:/program files (x86)/atollic/truestudio for stm32 9.3.0/armtools/bin/../lib/gcc/arm-atollic-eabi/6.3.1/armv7e-m/fpu\libgcc.a(_udivmoddi4.o)
                0x080001f8                __udivmoddi4
 .text          0x080004d4        0x4 c:/program files (x86)/atollic/truestudio for stm32 9.3.0/armtools/bin/../lib/gcc/arm-atollic-eabi/6.3.1/armv7e-m/fpu\libgcc.a(_dvmd_tls.o)
                0x080004d4                __aeabi_idiv0
                0x080004d4                __aeabi_ldiv0
 *(.text*)
 .text.HAL_Init
                0x080004d8       0x40 Drivers\STM32L4xx_HAL_Driver\Src\stm32l4xx_hal.o
                0x080004d8                HAL_Init
 .text.HAL_InitTick
                0x08000518       0x74 Drivers\STM32L4xx_HAL_Driver\Src\stm32l4xx_hal.o
                0x08000518                HAL_InitTick
 .text.HAL_IncTick
                0x0800058c       0x24 Drivers\STM32L4xx_HAL_Driver\Src\stm32l4xx_hal.o
                0x0800058c                HAL_IncTick
 .text.HAL_GetTick
                0x080005b0       0x18 Drivers\STM32L4xx_HAL_Driver\Src\stm32l4xx_hal.o
                0x080005b0                HAL_GetTick
 .text.__NVIC_SetPriorityGrouping
                0x080005c8       0x48 Drivers\STM32L4xx_HAL_Driver\Src\stm32l4xx_hal_cortex.o
 .text.__NVIC_GetPriorityGrouping
                0x08000610       0x1c Drivers\STM32L4xx_HAL_Driver\Src\stm32l4xx_hal_cortex.o
 .text.__NVIC_EnableIRQ
                0x0800062c       0x3c Drivers\STM32L4xx_HAL_Driver\Src\stm32l4xx_hal_cortex.o
 .text.__NVIC_SetPriority
                0x08000668       0x54 Drivers\STM32L4xx_HAL_Driver\Src\stm32l4xx_hal_cortex.o
 .text.NVIC_EncodePriority
                0x080006bc       0x62 Drivers\STM32L4xx_HAL_Driver\Src\stm32l4xx_hal_cortex.o
 *fill*         0x0800071e        0x2 
 .text.SysTick_Config
                0x08000720       0x44 Drivers\STM32L4xx_HAL_Driver\Src\stm32l4xx_hal_cortex.o
 .text.HAL_NVIC_SetPriorityGrouping
                0x08000764       0x16 Drivers\STM32L4xx_HAL_Driver\Src\stm32l4xx_hal_cortex.o
                0x08000764                HAL_NVIC_SetPriorityGrouping
 .text.HAL_NVIC_SetPriority
                0x0800077a       0x38 Drivers\STM32L4xx_HAL_Driver\Src\stm32l4xx_hal_cortex.o
                0x0800077a                HAL_NVIC_SetPriority
 .text.HAL_NVIC_EnableIRQ
                0x080007b2       0x1c Drivers\STM32L4xx_HAL_Driver\Src\stm32l4xx_hal_cortex.o
                0x080007b2                HAL_NVIC_EnableIRQ
 .text.HAL_SYSTICK_Config
                0x080007ce       0x18 Drivers\STM32L4xx_HAL_Driver\Src\stm32l4xx_hal_cortex.o
                0x080007ce                HAL_SYSTICK_Config
 *fill*         0x080007e6        0x2 
 .text.HAL_DMA_Init
                0x080007e8      0x170 Drivers\STM32L4xx_HAL_Driver\Src\stm32l4xx_hal_dma.o
                0x080007e8                HAL_DMA_Init
 .text.HAL_DMA_Abort_IT
                0x08000958       0x82 Drivers\STM32L4xx_HAL_Driver\Src\stm32l4xx_hal_dma.o
                0x08000958                HAL_DMA_Abort_IT
 .text.HAL_DMA_IRQHandler
                0x080009da      0x15e Drivers\STM32L4xx_HAL_Driver\Src\stm32l4xx_hal_dma.o
                0x080009da                HAL_DMA_IRQHandler
 .text.HAL_GPIO_Init
                0x08000b38      0x350 Drivers\STM32L4xx_HAL_Driver\Src\stm32l4xx_hal_gpio.o
                0x08000b38                HAL_GPIO_Init
 .text.HAL_GPIO_WritePin
                0x08000e88       0x30 Drivers\STM32L4xx_HAL_Driver\Src\stm32l4xx_hal_gpio.o
                0x08000e88                HAL_GPIO_WritePin
 .text.HAL_PWREx_GetVoltageRange
                0x08000eb8       0x1c Drivers\STM32L4xx_HAL_Driver\Src\stm32l4xx_hal_pwr_ex.o
                0x08000eb8                HAL_PWREx_GetVoltageRange
 .text.HAL_PWREx_ControlVoltageScaling
                0x08000ed4       0xac Drivers\STM32L4xx_HAL_Driver\Src\stm32l4xx_hal_pwr_ex.o
                0x08000ed4                HAL_PWREx_ControlVoltageScaling
 .text.HAL_RCC_OscConfig
                0x08000f80      0x7cc Drivers\STM32L4xx_HAL_Driver\Src\stm32l4xx_hal_rcc.o
                0x08000f80                HAL_RCC_OscConfig
 .text.HAL_RCC_ClockConfig
                0x0800174c      0x1c4 Drivers\STM32L4xx_HAL_Driver\Src\stm32l4xx_hal_rcc.o
                0x0800174c                HAL_RCC_ClockConfig
 .text.HAL_RCC_GetSysClockFreq
                0x08001910      0x114 Drivers\STM32L4xx_HAL_Driver\Src\stm32l4xx_hal_rcc.o
                0x08001910                HAL_RCC_GetSysClockFreq
 .text.HAL_RCC_GetHCLKFreq
                0x08001a24       0x18 Drivers\STM32L4xx_HAL_Driver\Src\stm32l4xx_hal_rcc.o
                0x08001a24                HAL_RCC_GetHCLKFreq
 .text.HAL_RCC_GetPCLK1Freq
                0x08001a3c       0x2c Drivers\STM32L4xx_HAL_Driver\Src\stm32l4xx_hal_rcc.o
                0x08001a3c                HAL_RCC_GetPCLK1Freq
 .text.HAL_RCC_GetPCLK2Freq
                0x08001a68       0x2c Drivers\STM32L4xx_HAL_Driver\Src\stm32l4xx_hal_rcc.o
                0x08001a68                HAL_RCC_GetPCLK2Freq
 .text.RCC_SetFlashLatencyFromMSIRange
                0x08001a94       0xc0 Drivers\STM32L4xx_HAL_Driver\Src\stm32l4xx_hal_rcc.o
 .text.HAL_RCCEx_PeriphCLKConfig
                0x08001b54      0x5cc Drivers\STM32L4xx_HAL_Driver\Src\stm32l4xx_hal_rcc_ex.o
                0x08001b54                HAL_RCCEx_PeriphCLKConfig
 .text.RCCEx_PLLSAI1_Config
                0x08002120      0x1e0 Drivers\STM32L4xx_HAL_Driver\Src\stm32l4xx_hal_rcc_ex.o
 .text.RCCEx_PLLSAI2_Config
                0x08002300      0x1b4 Drivers\STM32L4xx_HAL_Driver\Src\stm32l4xx_hal_rcc_ex.o
 .text.HAL_UART_Init
                0x080024b4       0x9c Drivers\STM32L4xx_HAL_Driver\Src\stm32l4xx_hal_uart.o
                0x080024b4                HAL_UART_Init
 .text.HAL_UART_IRQHandler
                0x08002550      0x28c Drivers\STM32L4xx_HAL_Driver\Src\stm32l4xx_hal_uart.o
                0x08002550                HAL_UART_IRQHandler
 .text.HAL_UART_TxCpltCallback
                0x080027dc       0x14 Drivers\STM32L4xx_HAL_Driver\Src\stm32l4xx_hal_uart.o
                0x080027dc                HAL_UART_TxCpltCallback
 .text.HAL_UART_ErrorCallback
                0x080027f0       0x14 Drivers\STM32L4xx_HAL_Driver\Src\stm32l4xx_hal_uart.o
                0x080027f0                HAL_UART_ErrorCallback
 .text.UART_SetConfig
                0x08002804      0x6c8 Drivers\STM32L4xx_HAL_Driver\Src\stm32l4xx_hal_uart.o
                0x08002804                UART_SetConfig
 .text.UART_AdvFeatureConfig
                0x08002ecc      0x144 Drivers\STM32L4xx_HAL_Driver\Src\stm32l4xx_hal_uart.o
                0x08002ecc                UART_AdvFeatureConfig
 .text.UART_CheckIdleState
                0x08003010       0x8a Drivers\STM32L4xx_HAL_Driver\Src\stm32l4xx_hal_uart.o
                0x08003010                UART_CheckIdleState
 .text.UART_WaitOnFlagUntilTimeout
                0x0800309a       0xf6 Drivers\STM32L4xx_HAL_Driver\Src\stm32l4xx_hal_uart.o
                0x0800309a                UART_WaitOnFlagUntilTimeout
 .text.UART_EndRxTransfer
                0x08003190       0x40 Drivers\STM32L4xx_HAL_Driver\Src\stm32l4xx_hal_uart.o
 .text.UART_DMAAbortOnError
                0x080031d0       0x2c Drivers\STM32L4xx_HAL_Driver\Src\stm32l4xx_hal_uart.o
 .text.UART_EndTransmit_IT
                0x080031fc       0x32 Drivers\STM32L4xx_HAL_Driver\Src\stm32l4xx_hal_uart.o
 .text.HAL_UARTEx_WakeupCallback
                0x0800322e       0x14 Drivers\STM32L4xx_HAL_Driver\Src\stm32l4xx_hal_uart_ex.o
                0x0800322e                HAL_UARTEx_WakeupCallback
 *fill*         0x08003242        0x2 
 .text.MX_DMA_Init
                0x08003244       0x4c Src\dma.o
                0x08003244                MX_DMA_Init
 .text.MX_GPIO_Init
                0x08003290       0xd0 Src\gpio.o
                0x08003290                MX_GPIO_Init
 .text.ITM_SendChar
                0x08003360       0x4e Src\main.o
 .text._write_swv
                0x080033ae       0x38 Src\main.o
                0x080033ae                _write_swv
 *fill*         0x080033e6        0x2 
 .text.main     0x080033e8       0x28 Src\main.o
                0x080033e8                main
 .text.SystemClock_Config
                0x08003410       0xea Src\main.o
                0x08003410                SystemClock_Config
 .text.Error_Handler
                0x080034fa        0xe Src\main.o
                0x080034fa                Error_Handler
 .text.HAL_MspInit
                0x08003508       0x48 Src\stm32l4xx_hal_msp.o
                0x08003508                HAL_MspInit
 .text.NMI_Handler
                0x08003550        0xe Src\stm32l4xx_it.o
                0x08003550                NMI_Handler
 .text.HardFault_Handler
                0x0800355e        0x6 Src\stm32l4xx_it.o
                0x0800355e                HardFault_Handler
 .text.MemManage_Handler
                0x08003564        0x6 Src\stm32l4xx_it.o
                0x08003564                MemManage_Handler
 .text.BusFault_Handler
                0x0800356a        0x6 Src\stm32l4xx_it.o
                0x0800356a                BusFault_Handler
 .text.UsageFault_Handler
                0x08003570        0x6 Src\stm32l4xx_it.o
                0x08003570                UsageFault_Handler
 .text.SVC_Handler
                0x08003576        0xe Src\stm32l4xx_it.o
                0x08003576                SVC_Handler
 .text.DebugMon_Handler
                0x08003584        0xe Src\stm32l4xx_it.o
                0x08003584                DebugMon_Handler
 .text.PendSV_Handler
                0x08003592        0xe Src\stm32l4xx_it.o
                0x08003592                PendSV_Handler
 .text.SysTick_Handler
                0x080035a0        0xc Src\stm32l4xx_it.o
                0x080035a0                SysTick_Handler
 .text.DMA1_Channel6_IRQHandler
                0x080035ac       0x14 Src\stm32l4xx_it.o
                0x080035ac                DMA1_Channel6_IRQHandler
 .text.DMA1_Channel7_IRQHandler
                0x080035c0       0x14 Src\stm32l4xx_it.o
                0x080035c0                DMA1_Channel7_IRQHandler
 .text.USART2_IRQHandler
                0x080035d4       0x14 Src\stm32l4xx_it.o
                0x080035d4                USART2_IRQHandler
 .text.SystemInit
                0x080035e8       0x6c Src\system_stm32l4xx.o
                0x080035e8                SystemInit
 .text.MX_USART2_UART_Init
                0x08003654       0x60 Src\usart.o
                0x08003654                MX_USART2_UART_Init
 .text.HAL_UART_MspInit
                0x080036b4      0x14c Src\usart.o
                0x080036b4                HAL_UART_MspInit
 .text.Reset_Handler
                0x08003800       0x50 startup\startup_stm32l476xx.o
                0x08003800                Reset_Handler
 .text.Default_Handler
                0x08003850        0x2 startup\startup_stm32l476xx.o
                0x08003850                RTC_Alarm_IRQHandler
                0x08003850                EXTI2_IRQHandler
                0x08003850                TIM8_TRG_COM_IRQHandler
                0x08003850                TIM8_CC_IRQHandler
                0x08003850                TIM1_CC_IRQHandler
                0x08003850                TSC_IRQHandler
                0x08003850                TAMP_STAMP_IRQHandler
                0x08003850                EXTI3_IRQHandler
                0x08003850                LPTIM2_IRQHandler
                0x08003850                DFSDM1_FLT1_IRQHandler
                0x08003850                I2C3_ER_IRQHandler
                0x08003850                DFSDM1_FLT2_IRQHandler
                0x08003850                EXTI0_IRQHandler
                0x08003850                I2C2_EV_IRQHandler
                0x08003850                CAN1_RX0_IRQHandler
                0x08003850                FPU_IRQHandler
                0x08003850                TIM1_UP_TIM16_IRQHandler
                0x08003850                ADC1_2_IRQHandler
                0x08003850                SPI1_IRQHandler
                0x08003850                TIM6_DAC_IRQHandler
                0x08003850                TIM8_UP_IRQHandler
                0x08003850                DMA2_Channel2_IRQHandler
                0x08003850                DMA1_Channel4_IRQHandler
                0x08003850                SAI2_IRQHandler
                0x08003850                DFSDM1_FLT3_IRQHandler
                0x08003850                USART3_IRQHandler
                0x08003850                CAN1_RX1_IRQHandler
                0x08003850                LCD_IRQHandler
                0x08003850                UART5_IRQHandler
                0x08003850                ADC3_IRQHandler
                0x08003850                TIM4_IRQHandler
                0x08003850                DMA2_Channel1_IRQHandler
                0x08003850                QUADSPI_IRQHandler
                0x08003850                I2C1_EV_IRQHandler
                0x08003850                UART4_IRQHandler
                0x08003850                DMA2_Channel4_IRQHandler
                0x08003850                TIM3_IRQHandler
                0x08003850                RCC_IRQHandler
                0x08003850                DMA1_Channel1_IRQHandler
                0x08003850                Default_Handler
                0x08003850                DMA2_Channel7_IRQHandler
                0x08003850                EXTI15_10_IRQHandler
                0x08003850                TIM7_IRQHandler
                0x08003850                SDMMC1_IRQHandler
                0x08003850                TIM5_IRQHandler
                0x08003850                I2C3_EV_IRQHandler
                0x08003850                EXTI9_5_IRQHandler
                0x08003850                RTC_WKUP_IRQHandler
                0x08003850                PVD_PVM_IRQHandler
                0x08003850                SPI2_IRQHandler
                0x08003850                CAN1_TX_IRQHandler
                0x08003850                DMA2_Channel5_IRQHandler
                0x08003850                DMA1_Channel5_IRQHandler
                0x08003850                EXTI4_IRQHandler
                0x08003850                RNG_IRQHandler
                0x08003850                TIM1_TRG_COM_TIM17_IRQHandler
                0x08003850                DMA1_Channel3_IRQHandler
                0x08003850                COMP_IRQHandler
                0x08003850                WWDG_IRQHandler
                0x08003850                LPUART1_IRQHandler
                0x08003850                DMA2_Channel6_IRQHandler
                0x08003850                TIM2_IRQHandler
                0x08003850                EXTI1_IRQHandler
                0x08003850                DFSDM1_FLT0_IRQHandler
                0x08003850                I2C2_ER_IRQHandler
                0x08003850                DMA1_Channel2_IRQHandler
                0x08003850                TIM8_BRK_IRQHandler
                0x08003850                CAN1_SCE_IRQHandler
                0x08003850                FLASH_IRQHandler
                0x08003850                USART1_IRQHandler
                0x08003850                OTG_FS_IRQHandler
                0x08003850                SPI3_IRQHandler
                0x08003850                I2C1_ER_IRQHandler
                0x08003850                FMC_IRQHandler
                0x08003850                SWPMI1_IRQHandler
                0x08003850                LPTIM1_IRQHandler
                0x08003850                SAI1_IRQHandler
                0x08003850                DMA2_Channel3_IRQHandler
                0x08003850                TIM1_BRK_TIM15_IRQHandler
 *fill*         0x08003852        0x2 
 .text.__libc_init_array
                0x08003854       0x48 c:/program files (x86)/atollic/truestudio for stm32 9.3.0/armtools/bin/../lib/gcc/arm-atollic-eabi/6.3.1/../../../../arm-atollic-eabi/lib/armv7e-m/fpu\libc_nano.a(lib_a-init.o)
                0x08003854                __libc_init_array
 .text.memset   0x0800389c       0x10 c:/program files (x86)/atollic/truestudio for stm32 9.3.0/armtools/bin/../lib/gcc/arm-atollic-eabi/6.3.1/../../../../arm-atollic-eabi/lib/armv7e-m/fpu\libc_nano.a(lib_a-memset.o)
                0x0800389c                memset
 *(.glue_7)
 .glue_7        0x080038ac        0x0 linker stubs
 *(.glue_7t)
 .glue_7t       0x080038ac        0x0 linker stubs
 *(.eh_frame)
 .eh_frame      0x080038ac        0x0 c:/program files (x86)/atollic/truestudio for stm32 9.3.0/armtools/bin/../lib/gcc/arm-atollic-eabi/6.3.1/armv7e-m/fpu/crtbegin.o
 *(.init)
 .init          0x080038ac        0x4 c:/program files (x86)/atollic/truestudio for stm32 9.3.0/armtools/bin/../lib/gcc/arm-atollic-eabi/6.3.1/armv7e-m/fpu/crti.o
                0x080038ac                _init
 .init          0x080038b0        0x8 c:/program files (x86)/atollic/truestudio for stm32 9.3.0/armtools/bin/../lib/gcc/arm-atollic-eabi/6.3.1/armv7e-m/fpu/crtn.o
 *(.fini)
 .fini          0x080038b8        0x4 c:/program files (x86)/atollic/truestudio for stm32 9.3.0/armtools/bin/../lib/gcc/arm-atollic-eabi/6.3.1/armv7e-m/fpu/crti.o
                0x080038b8                _fini
 .fini          0x080038bc        0x8 c:/program files (x86)/atollic/truestudio for stm32 9.3.0/armtools/bin/../lib/gcc/arm-atollic-eabi/6.3.1/armv7e-m/fpu/crtn.o
                0x080038c4                . = ALIGN (0x4)
                0x080038c4                _etext = .

.vfp11_veneer   0x080038c4        0x0
 .vfp11_veneer  0x080038c4        0x0 linker stubs

.v4_bx          0x080038c4        0x0
 .v4_bx         0x080038c4        0x0 linker stubs

.iplt           0x080038c4        0x0
 .iplt          0x080038c4        0x0 c:/program files (x86)/atollic/truestudio for stm32 9.3.0/armtools/bin/../lib/gcc/arm-atollic-eabi/6.3.1/armv7e-m/fpu/crtbegin.o

.rodata         0x080038c4       0x50
                0x080038c4                . = ALIGN (0x4)
 *(.rodata)
 .rodata        0x080038c4        0x6 Src\main.o
 *(.rodata*)
 *fill*         0x080038ca        0x2 
 .rodata.AHBPrescTable
                0x080038cc       0x10 Src\system_stm32l4xx.o
                0x080038cc                AHBPrescTable
 .rodata.APBPrescTable
                0x080038dc        0x8 Src\system_stm32l4xx.o
                0x080038dc                APBPrescTable
 .rodata.MSIRangeTable
                0x080038e4       0x30 Src\system_stm32l4xx.o
                0x080038e4                MSIRangeTable
                0x08003914                . = ALIGN (0x4)

.ARM.extab
 *(.ARM.extab* .gnu.linkonce.armextab.*)

.ARM            0x08003914        0x8
                0x08003914                __exidx_start = .
 *(.ARM.exidx*)
 .ARM.exidx     0x08003914        0x8 c:/program files (x86)/atollic/truestudio for stm32 9.3.0/armtools/bin/../lib/gcc/arm-atollic-eabi/6.3.1/armv7e-m/fpu\libgcc.a(_udivmoddi4.o)
                0x0800391c                __exidx_end = .

.rel.dyn        0x0800391c        0x0
 .rel.iplt      0x0800391c        0x0 c:/program files (x86)/atollic/truestudio for stm32 9.3.0/armtools/bin/../lib/gcc/arm-atollic-eabi/6.3.1/armv7e-m/fpu/crtbegin.o

.preinit_array  0x0800391c        0x0
                0x0800391c                PROVIDE (__preinit_array_start, .)
 *(.preinit_array*)
                0x0800391c                PROVIDE (__preinit_array_end, .)

.init_array     0x0800391c        0x4
                0x0800391c                PROVIDE (__init_array_start, .)
 *(SORT(.init_array.*))
 *(.init_array*)
 .init_array    0x0800391c        0x4 c:/program files (x86)/atollic/truestudio for stm32 9.3.0/armtools/bin/../lib/gcc/arm-atollic-eabi/6.3.1/armv7e-m/fpu/crtbegin.o
                0x08003920                PROVIDE (__init_array_end, .)

.fini_array     0x08003920        0x4
                [!provide]                PROVIDE (__fini_array_start, .)
 *(SORT(.fini_array.*))
 *(.fini_array*)
 .fini_array    0x08003920        0x4 c:/program files (x86)/atollic/truestudio for stm32 9.3.0/armtools/bin/../lib/gcc/arm-atollic-eabi/6.3.1/armv7e-m/fpu/crtbegin.o
                [!provide]                PROVIDE (__fini_array_end, .)
                0x08003924                _sidata = LOADADDR (.data)

.data           0x20000000        0xc load address 0x08003924
                0x20000000                . = ALIGN (0x4)
                0x20000000                _sdata = .
 *(.data)
 *(.data*)
 .data.uwTickPrio
                0x20000000        0x4 Drivers\STM32L4xx_HAL_Driver\Src\stm32l4xx_hal.o
                0x20000000                uwTickPrio
 .data.uwTickFreq
                0x20000004        0x4 Drivers\STM32L4xx_HAL_Driver\Src\stm32l4xx_hal.o
                0x20000004                uwTickFreq
 .data.SystemCoreClock
                0x20000008        0x4 Src\system_stm32l4xx.o
                0x20000008                SystemCoreClock
                0x2000000c                . = ALIGN (0x4)
                0x2000000c                _edata = .

.igot.plt       0x2000000c        0x0 load address 0x08003930
 .igot.plt      0x2000000c        0x0 c:/program files (x86)/atollic/truestudio for stm32 9.3.0/armtools/bin/../lib/gcc/arm-atollic-eabi/6.3.1/armv7e-m/fpu/crtbegin.o
                0x2000000c                . = ALIGN (0x4)

.bss            0x2000000c      0x130 load address 0x08003930
                0x2000000c                _sbss = .
                0x2000000c                __bss_start__ = _sbss
 *(.bss)
 .bss           0x2000000c       0x1c c:/program files (x86)/atollic/truestudio for stm32 9.3.0/armtools/bin/../lib/gcc/arm-atollic-eabi/6.3.1/armv7e-m/fpu/crtbegin.o
 *(.bss*)
 *(COMMON)
 COMMON         0x20000028        0x4 Drivers\STM32L4xx_HAL_Driver\Src\stm32l4xx_hal.o
                0x20000028                uwTick
 COMMON         0x2000002c      0x110 Src\usart.o
                0x2000002c                hdma_usart2_rx
                0x20000074                hdma_usart2_tx
                0x200000bc                huart2
                0x2000013c                . = ALIGN (0x4)
                0x2000013c                _ebss = .
                0x2000013c                __bss_end__ = _ebss

._user_heap_stack
                0x2000013c      0x600 load address 0x08003930
                0x2000013c                . = ALIGN (0x4)
                0x2000013c                PROVIDE (end, .)
                [!provide]                PROVIDE (_end, .)
                0x2000033c                . = (. + _Min_Heap_Size)
 *fill*         0x2000013c      0x200 
                0x2000073c                . = (. + _Min_Stack_Size)
 *fill*         0x2000033c      0x400 
                0x2000073c                . = ALIGN (0x4)

/DISCARD/
 libc.a(*)
 libm.a(*)
 libgcc.a(*)

.ARM.attributes
                0x00000000       0x30
 *(.ARM.attributes)
 .ARM.attributes
                0x00000000       0x22 c:/program files (x86)/atollic/truestudio for stm32 9.3.0/armtools/bin/../lib/gcc/arm-atollic-eabi/6.3.1/armv7e-m/fpu/crti.o
 .ARM.attributes
                0x00000022       0x34 c:/program files (x86)/atollic/truestudio for stm32 9.3.0/armtools/bin/../lib/gcc/arm-atollic-eabi/6.3.1/armv7e-m/fpu/crtbegin.o
 .ARM.attributes
                0x00000056       0x39 Drivers\STM32L4xx_HAL_Driver\Src\stm32l4xx_hal.o
 .ARM.attributes
                0x0000008f       0x39 Drivers\STM32L4xx_HAL_Driver\Src\stm32l4xx_hal_cortex.o
 .ARM.attributes
                0x000000c8       0x39 Drivers\STM32L4xx_HAL_Driver\Src\stm32l4xx_hal_dma.o
 .ARM.attributes
                0x00000101       0x39 Drivers\STM32L4xx_HAL_Driver\Src\stm32l4xx_hal_gpio.o
 .ARM.attributes
                0x0000013a       0x39 Drivers\STM32L4xx_HAL_Driver\Src\stm32l4xx_hal_pwr_ex.o
 .ARM.attributes
                0x00000173       0x39 Drivers\STM32L4xx_HAL_Driver\Src\stm32l4xx_hal_rcc.o
 .ARM.attributes
                0x000001ac       0x39 Drivers\STM32L4xx_HAL_Driver\Src\stm32l4xx_hal_rcc_ex.o
 .ARM.attributes
                0x000001e5       0x39 Drivers\STM32L4xx_HAL_Driver\Src\stm32l4xx_hal_uart.o
 .ARM.attributes
                0x0000021e       0x39 Drivers\STM32L4xx_HAL_Driver\Src\stm32l4xx_hal_uart_ex.o
 .ARM.attributes
                0x00000257       0x39 Src\dma.o
 .ARM.attributes
                0x00000290       0x39 Src\gpio.o
 .ARM.attributes
                0x000002c9       0x39 Src\main.o
 .ARM.attributes
                0x00000302       0x39 Src\stm32l4xx_hal_msp.o
 .ARM.attributes
                0x0000033b       0x39 Src\stm32l4xx_it.o
 .ARM.attributes
                0x00000374       0x39 Src\system_stm32l4xx.o
 .ARM.attributes
                0x000003ad       0x39 Src\usart.o
 .ARM.attributes
                0x000003e6       0x21 startup\startup_stm32l476xx.o
 .ARM.attributes
                0x00000407       0x34 c:/program files (x86)/atollic/truestudio for stm32 9.3.0/armtools/bin/../lib/gcc/arm-atollic-eabi/6.3.1/../../../../arm-atollic-eabi/lib/armv7e-m/fpu\libc_nano.a(lib_a-init.o)
 .ARM.attributes
                0x0000043b       0x34 c:/program files (x86)/atollic/truestudio for stm32 9.3.0/armtools/bin/../lib/gcc/arm-atollic-eabi/6.3.1/../../../../arm-atollic-eabi/lib/armv7e-m/fpu\libc_nano.a(lib_a-memset.o)
 .ARM.attributes
                0x0000046f       0x22 c:/program files (x86)/atollic/truestudio for stm32 9.3.0/armtools/bin/../lib/gcc/arm-atollic-eabi/6.3.1/armv7e-m/fpu\libgcc.a(_aeabi_uldivmod.o)
 .ARM.attributes
                0x00000491       0x34 c:/program files (x86)/atollic/truestudio for stm32 9.3.0/armtools/bin/../lib/gcc/arm-atollic-eabi/6.3.1/armv7e-m/fpu\libgcc.a(_udivmoddi4.o)
 .ARM.attributes
                0x000004c5       0x22 c:/program files (x86)/atollic/truestudio for stm32 9.3.0/armtools/bin/../lib/gcc/arm-atollic-eabi/6.3.1/armv7e-m/fpu\libgcc.a(_dvmd_tls.o)
 .ARM.attributes
                0x000004e7       0x22 c:/program files (x86)/atollic/truestudio for stm32 9.3.0/armtools/bin/../lib/gcc/arm-atollic-eabi/6.3.1/armv7e-m/fpu/crtn.o
OUTPUT(lab02.elf elf32-littlearm)

.debug_info     0x00000000     0xbdc1
 .debug_info    0x00000000      0xcec Drivers\STM32L4xx_HAL_Driver\Src\stm32l4xx_hal.o
 .debug_info    0x00000cec      0xf3c Drivers\STM32L4xx_HAL_Driver\Src\stm32l4xx_hal_cortex.o
 .debug_info    0x00001c28      0x8bd Drivers\STM32L4xx_HAL_Driver\Src\stm32l4xx_hal_dma.o
 .debug_info    0x000024e5      0x980 Drivers\STM32L4xx_HAL_Driver\Src\stm32l4xx_hal_gpio.o
 .debug_info    0x00002e65      0xb03 Drivers\STM32L4xx_HAL_Driver\Src\stm32l4xx_hal_pwr_ex.o
 .debug_info    0x00003968      0xcfc Drivers\STM32L4xx_HAL_Driver\Src\stm32l4xx_hal_rcc.o
 .debug_info    0x00004664      0xf0e Drivers\STM32L4xx_HAL_Driver\Src\stm32l4xx_hal_rcc_ex.o
 .debug_info    0x00005572     0x180a Drivers\STM32L4xx_HAL_Driver\Src\stm32l4xx_hal_uart.o
 .debug_info    0x00006d7c      0xa03 Drivers\STM32L4xx_HAL_Driver\Src\stm32l4xx_hal_uart_ex.o
 .debug_info    0x0000777f      0x6d5 Src\dma.o
 .debug_info    0x00007e54      0x647 Src\gpio.o
 .debug_info    0x0000849b     0x16ab Src\main.o
 .debug_info    0x00009b46      0x4c8 Src\stm32l4xx_hal_msp.o
 .debug_info    0x0000a00e      0x87a Src\stm32l4xx_it.o
 .debug_info    0x0000a888      0x6f5 Src\system_stm32l4xx.o
 .debug_info    0x0000af7d      0xdc3 Src\usart.o
 .debug_info    0x0000bd40       0x81 startup\startup_stm32l476xx.o

.debug_abbrev   0x00000000     0x1d2b
 .debug_abbrev  0x00000000      0x1f6 Drivers\STM32L4xx_HAL_Driver\Src\stm32l4xx_hal.o
 .debug_abbrev  0x000001f6      0x2d9 Drivers\STM32L4xx_HAL_Driver\Src\stm32l4xx_hal_cortex.o
 .debug_abbrev  0x000004cf      0x1d4 Drivers\STM32L4xx_HAL_Driver\Src\stm32l4xx_hal_dma.o
 .debug_abbrev  0x000006a3      0x1bb Drivers\STM32L4xx_HAL_Driver\Src\stm32l4xx_hal_gpio.o
 .debug_abbrev  0x0000085e      0x1c6 Drivers\STM32L4xx_HAL_Driver\Src\stm32l4xx_hal_pwr_ex.o
 .debug_abbrev  0x00000a24      0x240 Drivers\STM32L4xx_HAL_Driver\Src\stm32l4xx_hal_rcc.o
 .debug_abbrev  0x00000c64      0x233 Drivers\STM32L4xx_HAL_Driver\Src\stm32l4xx_hal_rcc_ex.o
 .debug_abbrev  0x00000e97      0x200 Drivers\STM32L4xx_HAL_Driver\Src\stm32l4xx_hal_uart.o
 .debug_abbrev  0x00001097      0x1dd Drivers\STM32L4xx_HAL_Driver\Src\stm32l4xx_hal_uart_ex.o
 .debug_abbrev  0x00001274      0x11e Src\dma.o
 .debug_abbrev  0x00001392      0x12f Src\gpio.o
 .debug_abbrev  0x000014c1      0x2fb Src\main.o
 .debug_abbrev  0x000017bc      0x120 Src\stm32l4xx_hal_msp.o
 .debug_abbrev  0x000018dc      0x144 Src\stm32l4xx_it.o
 .debug_abbrev  0x00001a20      0x14b Src\system_stm32l4xx.o
 .debug_abbrev  0x00001b6b      0x1ae Src\usart.o
 .debug_abbrev  0x00001d19       0x12 startup\startup_stm32l476xx.o

.debug_aranges  0x00000000      0x9d0
 .debug_aranges
                0x00000000      0x130 Drivers\STM32L4xx_HAL_Driver\Src\stm32l4xx_hal.o
 .debug_aranges
                0x00000130      0x118 Drivers\STM32L4xx_HAL_Driver\Src\stm32l4xx_hal_cortex.o
 .debug_aranges
                0x00000248       0x80 Drivers\STM32L4xx_HAL_Driver\Src\stm32l4xx_hal_dma.o
 .debug_aranges
                0x000002c8       0x58 Drivers\STM32L4xx_HAL_Driver\Src\stm32l4xx_hal_gpio.o
 .debug_aranges
                0x00000320      0x150 Drivers\STM32L4xx_HAL_Driver\Src\stm32l4xx_hal_pwr_ex.o
 .debug_aranges
                0x00000470       0x88 Drivers\STM32L4xx_HAL_Driver\Src\stm32l4xx_hal_rcc.o
 .debug_aranges
                0x000004f8       0xc0 Drivers\STM32L4xx_HAL_Driver\Src\stm32l4xx_hal_rcc_ex.o
 .debug_aranges
                0x000005b8      0x210 Drivers\STM32L4xx_HAL_Driver\Src\stm32l4xx_hal_uart.o
 .debug_aranges
                0x000007c8       0x60 Drivers\STM32L4xx_HAL_Driver\Src\stm32l4xx_hal_uart_ex.o
 .debug_aranges
                0x00000828       0x20 Src\dma.o
 .debug_aranges
                0x00000848       0x20 Src\gpio.o
 .debug_aranges
                0x00000868       0x50 Src\main.o
 .debug_aranges
                0x000008b8       0x20 Src\stm32l4xx_hal_msp.o
 .debug_aranges
                0x000008d8       0x78 Src\stm32l4xx_it.o
 .debug_aranges
                0x00000950       0x28 Src\system_stm32l4xx.o
 .debug_aranges
                0x00000978       0x30 Src\usart.o
 .debug_aranges
                0x000009a8       0x28 startup\startup_stm32l476xx.o

.debug_ranges   0x00000000      0x8c8
 .debug_ranges  0x00000000      0x120 Drivers\STM32L4xx_HAL_Driver\Src\stm32l4xx_hal.o
 .debug_ranges  0x00000120      0x108 Drivers\STM32L4xx_HAL_Driver\Src\stm32l4xx_hal_cortex.o
 .debug_ranges  0x00000228       0x70 Drivers\STM32L4xx_HAL_Driver\Src\stm32l4xx_hal_dma.o
 .debug_ranges  0x00000298       0x48 Drivers\STM32L4xx_HAL_Driver\Src\stm32l4xx_hal_gpio.o
 .debug_ranges  0x000002e0      0x140 Drivers\STM32L4xx_HAL_Driver\Src\stm32l4xx_hal_pwr_ex.o
 .debug_ranges  0x00000420       0x78 Drivers\STM32L4xx_HAL_Driver\Src\stm32l4xx_hal_rcc.o
 .debug_ranges  0x00000498       0xb0 Drivers\STM32L4xx_HAL_Driver\Src\stm32l4xx_hal_rcc_ex.o
 .debug_ranges  0x00000548      0x200 Drivers\STM32L4xx_HAL_Driver\Src\stm32l4xx_hal_uart.o
 .debug_ranges  0x00000748       0x50 Drivers\STM32L4xx_HAL_Driver\Src\stm32l4xx_hal_uart_ex.o
 .debug_ranges  0x00000798       0x10 Src\dma.o
 .debug_ranges  0x000007a8       0x10 Src\gpio.o
 .debug_ranges  0x000007b8       0x40 Src\main.o
 .debug_ranges  0x000007f8       0x10 Src\stm32l4xx_hal_msp.o
 .debug_ranges  0x00000808       0x68 Src\stm32l4xx_it.o
 .debug_ranges  0x00000870       0x18 Src\system_stm32l4xx.o
 .debug_ranges  0x00000888       0x20 Src\usart.o
 .debug_ranges  0x000008a8       0x20 startup\startup_stm32l476xx.o

.debug_line     0x00000000     0x4af6
 .debug_line    0x00000000      0x4c3 Drivers\STM32L4xx_HAL_Driver\Src\stm32l4xx_hal.o
 .debug_line    0x000004c3      0x581 Drivers\STM32L4xx_HAL_Driver\Src\stm32l4xx_hal_cortex.o
 .debug_line    0x00000a44      0x45f Drivers\STM32L4xx_HAL_Driver\Src\stm32l4xx_hal_dma.o
 .debug_line    0x00000ea3      0x3fa Drivers\STM32L4xx_HAL_Driver\Src\stm32l4xx_hal_gpio.o
 .debug_line    0x0000129d      0x5f3 Drivers\STM32L4xx_HAL_Driver\Src\stm32l4xx_hal_pwr_ex.o
 .debug_line    0x00001890      0x57a Drivers\STM32L4xx_HAL_Driver\Src\stm32l4xx_hal_rcc.o
 .debug_line    0x00001e0a      0x84b Drivers\STM32L4xx_HAL_Driver\Src\stm32l4xx_hal_rcc_ex.o
 .debug_line    0x00002655      0xe20 Drivers\STM32L4xx_HAL_Driver\Src\stm32l4xx_hal_uart.o
 .debug_line    0x00003475      0x3d0 Drivers\STM32L4xx_HAL_Driver\Src\stm32l4xx_hal_uart_ex.o
 .debug_line    0x00003845      0x209 Src\dma.o
 .debug_line    0x00003a4e      0x22c Src\gpio.o
 .debug_line    0x00003c7a      0x3cf Src\main.o
 .debug_line    0x00004049      0x215 Src\stm32l4xx_hal_msp.o
 .debug_line    0x0000425e      0x30c Src\stm32l4xx_it.o
 .debug_line    0x0000456a      0x259 Src\system_stm32l4xx.o
 .debug_line    0x000047c3      0x2b5 Src\usart.o
 .debug_line    0x00004a78       0x7e startup\startup_stm32l476xx.o

.debug_str      0x00000000     0x37ec
 .debug_str     0x00000000      0xe24 Drivers\STM32L4xx_HAL_Driver\Src\stm32l4xx_hal.o
                                0xeb8 (size before relaxing)
 .debug_str     0x00000e24      0x4e6 Drivers\STM32L4xx_HAL_Driver\Src\stm32l4xx_hal_cortex.o
                                0xe3c (size before relaxing)
 .debug_str     0x0000130a      0x3e9 Drivers\STM32L4xx_HAL_Driver\Src\stm32l4xx_hal_dma.o
                                0x841 (size before relaxing)
 .debug_str     0x000016f3      0x1da Drivers\STM32L4xx_HAL_Driver\Src\stm32l4xx_hal_gpio.o
                                0x781 (size before relaxing)
 .debug_str     0x000018cd      0x546 Drivers\STM32L4xx_HAL_Driver\Src\stm32l4xx_hal_pwr_ex.o
                                0xa1f (size before relaxing)
 .debug_str     0x00001e13      0x35c Drivers\STM32L4xx_HAL_Driver\Src\stm32l4xx_hal_rcc.o
                                0xa28 (size before relaxing)
 .debug_str     0x0000216f      0x562 Drivers\STM32L4xx_HAL_Driver\Src\stm32l4xx_hal_rcc_ex.o
                                0xc5f (size before relaxing)
 .debug_str     0x000026d1      0x91e Drivers\STM32L4xx_HAL_Driver\Src\stm32l4xx_hal_uart.o
                               0x1084 (size before relaxing)
 .debug_str     0x00002fef      0x1a8 Drivers\STM32L4xx_HAL_Driver\Src\stm32l4xx_hal_uart_ex.o
                                0x98f (size before relaxing)
 .debug_str     0x00003197       0x19 Src\dma.o
                                0xa17 (size before relaxing)
 .debug_str     0x000031b0       0x1b Src\gpio.o
                                0x5da (size before relaxing)
 .debug_str     0x000031cb      0x495 Src\main.o
                               0x107b (size before relaxing)
 .debug_str     0x00003660       0x1b Src\stm32l4xx_hal_msp.o
                                0x544 (size before relaxing)
 .debug_str     0x0000367b      0x108 Src\stm32l4xx_it.o
                                0x89c (size before relaxing)
 .debug_str     0x00003783       0x3b Src\system_stm32l4xx.o
                                0x5cf (size before relaxing)
 .debug_str     0x000037be       0x2e Src\usart.o
                                0xea0 (size before relaxing)

.comment        0x00000000       0x7c
 .comment       0x00000000       0x7c Drivers\STM32L4xx_HAL_Driver\Src\stm32l4xx_hal.o
                                 0x7d (size before relaxing)
 .comment       0x0000007c       0x7d Drivers\STM32L4xx_HAL_Driver\Src\stm32l4xx_hal_cortex.o
 .comment       0x0000007c       0x7d Drivers\STM32L4xx_HAL_Driver\Src\stm32l4xx_hal_dma.o
 .comment       0x0000007c       0x7d Drivers\STM32L4xx_HAL_Driver\Src\stm32l4xx_hal_gpio.o
 .comment       0x0000007c       0x7d Drivers\STM32L4xx_HAL_Driver\Src\stm32l4xx_hal_pwr_ex.o
 .comment       0x0000007c       0x7d Drivers\STM32L4xx_HAL_Driver\Src\stm32l4xx_hal_rcc.o
 .comment       0x0000007c       0x7d Drivers\STM32L4xx_HAL_Driver\Src\stm32l4xx_hal_rcc_ex.o
 .comment       0x0000007c       0x7d Drivers\STM32L4xx_HAL_Driver\Src\stm32l4xx_hal_uart.o
 .comment       0x0000007c       0x7d Drivers\STM32L4xx_HAL_Driver\Src\stm32l4xx_hal_uart_ex.o
 .comment       0x0000007c       0x7d Src\dma.o
 .comment       0x0000007c       0x7d Src\gpio.o
 .comment       0x0000007c       0x7d Src\main.o
 .comment       0x0000007c       0x7d Src\stm32l4xx_hal_msp.o
 .comment       0x0000007c       0x7d Src\stm32l4xx_it.o
 .comment       0x0000007c       0x7d Src\system_stm32l4xx.o
 .comment       0x0000007c       0x7d Src\usart.o

.debug_frame    0x00000000     0x261c
 .debug_frame   0x00000000      0x498 Drivers\STM32L4xx_HAL_Driver\Src\stm32l4xx_hal.o
 .debug_frame   0x00000498      0x498 Drivers\STM32L4xx_HAL_Driver\Src\stm32l4xx_hal_cortex.o
 .debug_frame   0x00000930      0x204 Drivers\STM32L4xx_HAL_Driver\Src\stm32l4xx_hal_dma.o
 .debug_frame   0x00000b34      0x14c Drivers\STM32L4xx_HAL_Driver\Src\stm32l4xx_hal_gpio.o
 .debug_frame   0x00000c80      0x544 Drivers\STM32L4xx_HAL_Driver\Src\stm32l4xx_hal_pwr_ex.o
 .debug_frame   0x000011c4      0x1f4 Drivers\STM32L4xx_HAL_Driver\Src\stm32l4xx_hal_rcc.o
 .debug_frame   0x000013b8      0x2fc Drivers\STM32L4xx_HAL_Driver\Src\stm32l4xx_hal_rcc_ex.o
 .debug_frame   0x000016b4      0x978 Drivers\STM32L4xx_HAL_Driver\Src\stm32l4xx_hal_uart.o
 .debug_frame   0x0000202c      0x170 Drivers\STM32L4xx_HAL_Driver\Src\stm32l4xx_hal_uart_ex.o
 .debug_frame   0x0000219c       0x34 Src\dma.o
 .debug_frame   0x000021d0       0x34 Src\gpio.o
 .debug_frame   0x00002204      0x108 Src\main.o
 .debug_frame   0x0000230c       0x38 Src\stm32l4xx_hal_msp.o
 .debug_frame   0x00002344      0x160 Src\stm32l4xx_it.o
 .debug_frame   0x000024a4       0x58 Src\system_stm32l4xx.o
 .debug_frame   0x000024fc       0x74 Src\usart.o
 .debug_frame   0x00002570       0x2c c:/program files (x86)/atollic/truestudio for stm32 9.3.0/armtools/bin/../lib/gcc/arm-atollic-eabi/6.3.1/../../../../arm-atollic-eabi/lib/armv7e-m/fpu\libc_nano.a(lib_a-init.o)
 .debug_frame   0x0000259c       0x20 c:/program files (x86)/atollic/truestudio for stm32 9.3.0/armtools/bin/../lib/gcc/arm-atollic-eabi/6.3.1/../../../../arm-atollic-eabi/lib/armv7e-m/fpu\libc_nano.a(lib_a-memset.o)
 .debug_frame   0x000025bc       0x2c c:/program files (x86)/atollic/truestudio for stm32 9.3.0/armtools/bin/../lib/gcc/arm-atollic-eabi/6.3.1/armv7e-m/fpu\libgcc.a(_aeabi_uldivmod.o)
 .debug_frame   0x000025e8       0x34 c:/program files (x86)/atollic/truestudio for stm32 9.3.0/armtools/bin/../lib/gcc/arm-atollic-eabi/6.3.1/armv7e-m/fpu\libgcc.a(_udivmoddi4.o)
